Many modules are hidden in this stack. Use "module --show_hidden spider SOFTWARE" if you are not able to find the required software

running rsync -avz /nfs/nas22/fs2201/usys_ibz_tb_data/TB-data/Daniel_Angst/orcAI/orcai_tvt_data_3750.zip /scratch/tmp.37272922.angstd

sending incremental file list
orcai_tvt_data_3750.zip

sent 74,330,072,488 bytes  received 35 bytes  80,487,355.20 bytes/sec
total size is 74,313,253,602  speedup is 1.00

running unzip /scratch/tmp.37272922.angstd/orcai_tvt_data_3750.zip -d /scratch/tmp.37272922.angstd

Archive:  /scratch/tmp.37272922.angstd/orcai_tvt_data_3750.zip
   creating: /scratch/tmp.37272922.angstd/tvt_data/
  inflating: /scratch/tmp.37272922.angstd/tvt_data/val.csv.gz  
  inflating: /scratch/tmp.37272922.angstd/tvt_data/test.csv.gz  
  inflating: /scratch/tmp.37272922.angstd/tvt_data/filtered_snippets_duration.csv  
   creating: /scratch/tmp.37272922.angstd/tvt_data/val_dataset/
 extracting: /scratch/tmp.37272922.angstd/tvt_data/val_dataset/snapshot.metadata  
  inflating: /scratch/tmp.37272922.angstd/tvt_data/val_dataset/dataset_spec.pb  
   creating: /scratch/tmp.37272922.angstd/tvt_data/val_dataset/18401025822479530217/
   creating: /scratch/tmp.37272922.angstd/tvt_data/val_dataset/18401025822479530217/00000000.shard/
  inflating: /scratch/tmp.37272922.angstd/tvt_data/val_dataset/18401025822479530217/00000000.shard/00000000.snapshot  
   creating: /scratch/tmp.37272922.angstd/tvt_data/train_dataset/
   creating: /scratch/tmp.37272922.angstd/tvt_data/train_dataset/13076838954460642380/
   creating: /scratch/tmp.37272922.angstd/tvt_data/train_dataset/13076838954460642380/00000000.shard/
  inflating: /scratch/tmp.37272922.angstd/tvt_data/train_dataset/13076838954460642380/00000000.shard/00000000.snapshot  
 extracting: /scratch/tmp.37272922.angstd/tvt_data/train_dataset/snapshot.metadata  
  inflating: /scratch/tmp.37272922.angstd/tvt_data/train_dataset/dataset_spec.pb  
   creating: /scratch/tmp.37272922.angstd/tvt_data/test_dataset/
 extracting: /scratch/tmp.37272922.angstd/tvt_data/test_dataset/snapshot.metadata  
  inflating: /scratch/tmp.37272922.angstd/tvt_data/test_dataset/dataset_spec.pb  
   creating: /scratch/tmp.37272922.angstd/tvt_data/test_dataset/4436162046322526823/
   creating: /scratch/tmp.37272922.angstd/tvt_data/test_dataset/4436162046322526823/00000000.shard/
  inflating: /scratch/tmp.37272922.angstd/tvt_data/test_dataset/4436162046322526823/00000000.shard/00000000.snapshot  
  inflating: /scratch/tmp.37272922.angstd/tvt_data/all_snippet_duration.csv  
  inflating: /scratch/tmp.37272922.angstd/tvt_data/test_unfiltered.csv.gz  
  inflating: /scratch/tmp.37272922.angstd/tvt_data/all_snippets.csv.gz  
   creating: /scratch/tmp.37272922.angstd/tvt_data/test_unfiltered_dataset/
 extracting: /scratch/tmp.37272922.angstd/tvt_data/test_unfiltered_dataset/snapshot.metadata  
  inflating: /scratch/tmp.37272922.angstd/tvt_data/test_unfiltered_dataset/dataset_spec.pb  
   creating: /scratch/tmp.37272922.angstd/tvt_data/test_unfiltered_dataset/4887732358882678739/
   creating: /scratch/tmp.37272922.angstd/tvt_data/test_unfiltered_dataset/4887732358882678739/00000000.shard/
  inflating: /scratch/tmp.37272922.angstd/tvt_data/test_unfiltered_dataset/4887732358882678739/00000000.shard/00000000.snapshot  
  inflating: /scratch/tmp.37272922.angstd/tvt_data/dataset_shapes.json  
  inflating: /scratch/tmp.37272922.angstd/tvt_data/failed_snippets.csv  
  inflating: /scratch/tmp.37272922.angstd/tvt_data/train.csv.gz  

running orcai hpsearch /scratch/tmp.37272922.angstd/tvt_data /cluster/home/angstd/orcAI/hyperparameter_search -p /cluster/home/angstd/orcAI/hyperparameter_search/orcai_parameter_HPS.json -hp /cluster/home/angstd/orcAI/hyperparameter_search/hps_parameter.json -pl

orcai, version 1.1.8
🐳 Hyperparameter search
orcAI 1.1.8 [started @ 2025-07-15 08:55:18]
WARNING: All log messages before absl::InitializeLog() is called are written to STDERR
E0000 00:00:1752562526.380337 2023447 cuda_dnn.cc:8579] Unable to register cuDNN factory: Attempting to register factory for plugin cuDNN when one has already been registered
E0000 00:00:1752562526.585837 2023447 cuda_blas.cc:1407] Unable to register cuBLAS factory: Attempting to register factory for plugin cuBLAS when one has already been registered
W0000 00:00:1752562528.353602 2023447 computation_placer.cc:177] computation placer already registered. Please check linkage and avoid linking the same target more than once.
W0000 00:00:1752562528.353663 2023447 computation_placer.cc:177] computation placer already registered. Please check linkage and avoid linking the same target more than once.
W0000 00:00:1752562528.353669 2023447 computation_placer.cc:177] computation placer already registered. Please check linkage and avoid linking the same target more than once.
W0000 00:00:1752562528.353674 2023447 computation_placer.cc:177] computation placer already registered. Please check linkage and avoid linking the same target more than once.
🐳 Loading Hyperparameter search parameter [0:01:01]
🐳 Loading training and validation datasets from /scratch/tmp.37272922.angstd/tvt_data [0:01:01, 𝚫 0:00:00]
I0000 00:00:1752562581.280990 2023447 gpu_device.cc:2019] Created device /job:localhost/replica:0/task:0/device:GPU:0 with 22806 MB memory:  -> device: 0, name: Quadro RTX 6000, pci bus id: 0000:21:00.0, compute capability: 7.5
I0000 00:00:1752562581.285515 2023447 gpu_device.cc:2019] Created device /job:localhost/replica:0/task:0/device:GPU:1 with 22806 MB memory:  -> device: 1, name: Quadro RTX 6000, pci bus id: 0000:22:00.0, compute capability: 7.5
I0000 00:00:1752562581.287291 2023447 gpu_device.cc:2019] Created device /job:localhost/replica:0/task:0/device:GPU:2 with 22806 MB memory:  -> device: 2, name: Quadro RTX 6000, pci bus id: 0000:41:00.0, compute capability: 7.5
I0000 00:00:1752562581.288754 2023447 gpu_device.cc:2019] Created device /job:localhost/replica:0/task:0/device:GPU:3 with 22806 MB memory:  -> device: 3, name: Quadro RTX 6000, pci bus id: 0000:a1:00.0, compute capability: 7.5
🐳 Searching hyperparameters [0:01:07, 𝚫 0:00:06]
    Parallel - running on 4 GPU
    Saving best model to hps/orcai-v1-3750-LSTM_HPS.keras
I0000 00:00:1752562604.011700 2023522 cuda_dnn.cc:529] Loaded cuDNN version 90300
/cluster/home/angstd/orcAI/venv/lib/python3.11/site-packages/keras/src/saving/saving_lib.py:802: UserWarning: Skipping variable loading for optimizer 'adam', because it has 2 variables whereas the saved optimizer has 152 variables. 
  saveable.load_own_variables(weights_store.get(inner_path))
🐳 Best Hyperparameters [4 days, 0:04:29, 𝚫 4 days, 0:03:22]
    {
        "filters": "set3",
        "kernel_size": 5,
        "dropout_rate": 0.3,
        "batch_size": 64,
        "lstm_units": 128,
        "tuner/epochs": 15,
        "tuner/initial_epoch": 5,
        "tuner/bracket": 1,
        "tuner/round": 1,
        "tuner/trial_id": "0022"
    }
    Saved trial data to /cluster/home/angstd/orcAI/hyperparameter_search/hps_logs/all_trials.csv
🐳 Hyperparameter search completed [4 days, 0:04:29, 𝚫 0:00:00]
