Many modules are hidden in this stack. Use "module --show_hidden spider SOFTWARE" if you are not able to find the required software

running rsync -avz /nfs/nas22/fs2201/usys_ibz_tb_data/TB-data/Daniel_Angst/orcAI/orcai_tvt_data_3750.zip /scratch/tmp.37691841.angstd

sending incremental file list
orcai_tvt_data_3750.zip

sent 74,330,072,488 bytes  received 35 bytes  164,265,353.64 bytes/sec
total size is 74,313,253,602  speedup is 1.00

running unzip /scratch/tmp.37691841.angstd/orcai_tvt_data_3750.zip -d /scratch/tmp.37691841.angstd

Archive:  /scratch/tmp.37691841.angstd/orcai_tvt_data_3750.zip
   creating: /scratch/tmp.37691841.angstd/tvt_data/
  inflating: /scratch/tmp.37691841.angstd/tvt_data/val.csv.gz  
  inflating: /scratch/tmp.37691841.angstd/tvt_data/test.csv.gz  
  inflating: /scratch/tmp.37691841.angstd/tvt_data/filtered_snippets_duration.csv  
   creating: /scratch/tmp.37691841.angstd/tvt_data/val_dataset/
 extracting: /scratch/tmp.37691841.angstd/tvt_data/val_dataset/snapshot.metadata  
  inflating: /scratch/tmp.37691841.angstd/tvt_data/val_dataset/dataset_spec.pb  
   creating: /scratch/tmp.37691841.angstd/tvt_data/val_dataset/18401025822479530217/
   creating: /scratch/tmp.37691841.angstd/tvt_data/val_dataset/18401025822479530217/00000000.shard/
  inflating: /scratch/tmp.37691841.angstd/tvt_data/val_dataset/18401025822479530217/00000000.shard/00000000.snapshot  
   creating: /scratch/tmp.37691841.angstd/tvt_data/train_dataset/
   creating: /scratch/tmp.37691841.angstd/tvt_data/train_dataset/13076838954460642380/
   creating: /scratch/tmp.37691841.angstd/tvt_data/train_dataset/13076838954460642380/00000000.shard/
  inflating: /scratch/tmp.37691841.angstd/tvt_data/train_dataset/13076838954460642380/00000000.shard/00000000.snapshot  
 extracting: /scratch/tmp.37691841.angstd/tvt_data/train_dataset/snapshot.metadata  
  inflating: /scratch/tmp.37691841.angstd/tvt_data/train_dataset/dataset_spec.pb  
   creating: /scratch/tmp.37691841.angstd/tvt_data/test_dataset/
 extracting: /scratch/tmp.37691841.angstd/tvt_data/test_dataset/snapshot.metadata  
  inflating: /scratch/tmp.37691841.angstd/tvt_data/test_dataset/dataset_spec.pb  
   creating: /scratch/tmp.37691841.angstd/tvt_data/test_dataset/4436162046322526823/
   creating: /scratch/tmp.37691841.angstd/tvt_data/test_dataset/4436162046322526823/00000000.shard/
  inflating: /scratch/tmp.37691841.angstd/tvt_data/test_dataset/4436162046322526823/00000000.shard/00000000.snapshot  
  inflating: /scratch/tmp.37691841.angstd/tvt_data/all_snippet_duration.csv  
  inflating: /scratch/tmp.37691841.angstd/tvt_data/test_unfiltered.csv.gz  
  inflating: /scratch/tmp.37691841.angstd/tvt_data/all_snippets.csv.gz  
   creating: /scratch/tmp.37691841.angstd/tvt_data/test_unfiltered_dataset/
 extracting: /scratch/tmp.37691841.angstd/tvt_data/test_unfiltered_dataset/snapshot.metadata  
  inflating: /scratch/tmp.37691841.angstd/tvt_data/test_unfiltered_dataset/dataset_spec.pb  
   creating: /scratch/tmp.37691841.angstd/tvt_data/test_unfiltered_dataset/4887732358882678739/
   creating: /scratch/tmp.37691841.angstd/tvt_data/test_unfiltered_dataset/4887732358882678739/00000000.shard/
  inflating: /scratch/tmp.37691841.angstd/tvt_data/test_unfiltered_dataset/4887732358882678739/00000000.shard/00000000.snapshot  
  inflating: /scratch/tmp.37691841.angstd/tvt_data/dataset_shapes.json  
  inflating: /scratch/tmp.37691841.angstd/tvt_data/failed_snippets.csv  
  inflating: /scratch/tmp.37691841.angstd/tvt_data/train.csv.gz  

running orcai train /scratch/tmp.37691841.angstd/tvt_data /cluster/home/angstd/orcAI -p /cluster/home/angstd/orcAI/orcai_parameter_v1_3.json

orcai, version 1.1.8
🐳 Training model
orcAI 1.1.8 [started @ 2025-07-19 14:55:38]
WARNING: All log messages before absl::InitializeLog() is called are written to STDERR
E0000 00:00:1752929739.385620 2837905 cuda_dnn.cc:8579] Unable to register cuDNN factory: Attempting to register factory for plugin cuDNN when one has already been registered
E0000 00:00:1752929739.391266 2837905 cuda_blas.cc:1407] Unable to register cuBLAS factory: Attempting to register factory for plugin cuBLAS when one has already been registered
W0000 00:00:1752929739.409101 2837905 computation_placer.cc:177] computation placer already registered. Please check linkage and avoid linking the same target more than once.
W0000 00:00:1752929739.409157 2837905 computation_placer.cc:177] computation placer already registered. Please check linkage and avoid linking the same target more than once.
W0000 00:00:1752929739.409161 2837905 computation_placer.cc:177] computation placer already registered. Please check linkage and avoid linking the same target more than once.
W0000 00:00:1752929739.409165 2837905 computation_placer.cc:177] computation placer already registered. Please check linkage and avoid linking the same target more than once.
    Platform: Linux-5.15.0-141-generic-x86_64-with-glibc2.35
    Python version: 3.11.6 (main, Jun 20 2024, 16:12:48) [GCC 12.2.0]
    Tensorflow version: 2.19.0
    Keras version: 3.10.0
    CUDA version: 12.5.1
    cuDNN version: 9
    Available TensorFlow devices: /GPU:0: Quadro RTX 6000
🐳 Loading parameter [0:00:24]
    Output directory: /cluster/home/angstd/orcAI
    Data directory: /scratch/tmp.37691841.angstd/tvt_data
🐳 Loading training and validation datasets from /scratch/tmp.37691841.angstd/tvt_data [0:00:24, 𝚫 0:00:00]
    Loading dataset shapes from JSON file
I0000 00:00:1752929763.191210 2837905 gpu_device.cc:2019] Created device /job:localhost/replica:0/task:0/device:GPU:0 with 22806 MB memory:  -> device: 0, name: Quadro RTX 6000, pci bus id: 0000:c2:00.0, compute capability: 7.5
    Batch size 64
🐳 Building model [0:00:29, 𝚫 0:00:04]
🐳 Building model architecture [0:00:31, 𝚫 0:00:02]
    model name:          orcai-v1_3
    model architecture:  ResNetLSTM
    model input shape:   (None, 736, 171, 1)
    model output shape:  (None, 46, 7)
    actual input_shape:  (736, 171, 1)
    actual output_shape: (46, 7)
    n_filters:           4
    num_labels:          7
🐳 Compiling model: orcai-v1_3 [0:00:31, 𝚫 0:00:00]
    Model size:
        Total parameter: 1002311
        Trainable parameter: 1001231
        Non-trainable parameter: 1080
        memory usage: 1.67 GB
🐳 Fitting model: orcai-v1_3 [0:00:31, 𝚫 0:00:00]
    Monitoring val_MBA
0epoch [00:00, ?epoch/s]  0%|          | 0/30 [00:00<?, ?epoch/s]I0000 00:00:1752929782.808736 2838013 cuda_dnn.cc:529] Loaded cuDNN version 90300
  3%|▎         | 1/30 [41:42<20:09:30, 2502.42s/epoch, MBA=0.94, loss=0.588, val_MBA=0.957, val_loss=0.209, learning_rate=0.0001]  7%|▋         | 2/30 [1:23:30<19:29:18, 2505.68s/epoch, MBA=0.96, loss=0.163, val_MBA=0.959, val_loss=0.142, learning_rate=0.0001] 10%|█         | 3/30 [2:04:55<18:43:19, 2496.27s/epoch, MBA=0.964, loss=0.119, val_MBA=0.964, val_loss=0.113, learning_rate=0.0001] 13%|█▎        | 4/30 [2:46:16<17:59:09, 2490.36s/epoch, MBA=0.967, loss=0.1, val_MBA=0.965, val_loss=0.104, learning_rate=0.0001]   17%|█▋        | 5/30 [3:27:38<17:16:23, 2487.35s/epoch, MBA=0.97, loss=0.0881, val_MBA=0.966, val_loss=0.1, learning_rate=5e-5]   20%|██        | 6/30 [4:08:56<16:33:39, 2484.16s/epoch, MBA=0.971, loss=0.0834, val_MBA=0.966, val_loss=0.0988, learning_rate=5e-5] 23%|██▎       | 7/30 [4:50:16<15:51:45, 2482.84s/epoch, MBA=0.973, loss=0.0797, val_MBA=0.965, val_loss=0.101, learning_rate=5e-5]  27%|██▋       | 8/30 [5:31:08<15:06:47, 2473.06s/epoch, MBA=0.975, loss=0.0741, val_MBA=0.966, val_loss=0.101, learning_rate=2.5e-5] 30%|███       | 9/30 [6:12:07<14:23:59, 2468.54s/epoch, MBA=0.975, loss=0.072, val_MBA=0.966, val_loss=0.105, learning_rate=2.5e-5]  33%|███▎      | 10/30 [6:53:05<13:41:45, 2465.27s/epoch, MBA=0.976, loss=0.0702, val_MBA=0.966, val_loss=0.104, learning_rate=2.5e-5] 37%|███▋      | 11/30 [7:34:08<13:00:28, 2464.64s/epoch, MBA=0.977, loss=0.0671, val_MBA=0.966, val_loss=0.104, learning_rate=1.25e-5] 40%|████      | 12/30 [8:15:09<12:19:04, 2463.57s/epoch, MBA=0.978, loss=0.066, val_MBA=0.966, val_loss=0.107, learning_rate=1.25e-5]  43%|████▎     | 13/30 [8:56:29<11:39:23, 2468.46s/epoch, MBA=0.978, loss=0.065, val_MBA=0.966, val_loss=0.106, learning_rate=1.25e-5] 47%|████▋     | 14/30 [9:37:27<10:57:25, 2465.37s/epoch, MBA=0.979, loss=0.0633, val_MBA=0.966, val_loss=0.107, learning_rate=6.25e-6] 50%|█████     | 15/30 [10:18:29<10:16:05, 2464.37s/epoch, MBA=0.979, loss=0.0628, val_MBA=0.966, val_loss=0.108, learning_rate=6.25e-6] 53%|█████▎    | 16/30 [10:59:31<9:34:50, 2463.63s/epoch, MBA=0.979, loss=0.0623, val_MBA=0.966, val_loss=0.108, learning_rate=6.25e-6]  53%|█████▎    | 16/30 [10:59:31<9:37:05, 2473.24s/epoch, MBA=0.979, loss=0.0623, val_MBA=0.966, val_loss=0.108, learning_rate=6.25e-6]
🐳 Saving Model [11:00:23, 𝚫 10:59:52]
🐳 Training model finished. Model saved to orcai-v1_3.keras [11:00:23, 𝚫 0:00:01]

running orcai test -tu /cluster/home/angstd/orcAI/orcai-v1_3 /scratch/tmp.37691841.angstd/tvt_data

🐳 Testing model orcai-v1_3
orcAI 1.1.8 [started @ 2025-07-20 01:56:10]
WARNING: All log messages before absl::InitializeLog() is called are written to STDERR
E0000 00:00:1752969375.489071 2978811 cuda_dnn.cc:8579] Unable to register cuDNN factory: Attempting to register factory for plugin cuDNN when one has already been registered
E0000 00:00:1752969375.501436 2978811 cuda_blas.cc:1407] Unable to register cuBLAS factory: Attempting to register factory for plugin cuBLAS when one has already been registered
W0000 00:00:1752969376.057554 2978811 computation_placer.cc:177] computation placer already registered. Please check linkage and avoid linking the same target more than once.
W0000 00:00:1752969376.057621 2978811 computation_placer.cc:177] computation placer already registered. Please check linkage and avoid linking the same target more than once.
W0000 00:00:1752969376.057627 2978811 computation_placer.cc:177] computation placer already registered. Please check linkage and avoid linking the same target more than once.
W0000 00:00:1752969376.057632 2978811 computation_placer.cc:177] computation placer already registered. Please check linkage and avoid linking the same target more than once.
🐳 Loading model [0:00:33]
    Model directory: /cluster/home/angstd/orcAI/orcai-v1_3
    Model data directory: /scratch/tmp.37691841.angstd/tvt_data
I0000 00:00:1752969405.141484 2978811 gpu_device.cc:2019] Created device /job:localhost/replica:0/task:0/device:GPU:0 with 22806 MB memory:  -> device: 0, name: Quadro RTX 6000, pci bus id: 0000:c2:00.0, compute capability: 7.5
🐳 Testing model on test_data [0:00:40, 𝚫 0:00:07]
    Evaluating model on test_data
I0000 00:00:1752969414.775085 2979079 cuda_dnn.cc:529] Loaded cuDNN version 90300
    {
        "MBA": 0.9690531492233276,
        "loss": 0.09170585870742798
    }
🐳 Calculating confusion table for test_data [0:01:45, 𝚫 0:01:04]
                    TP        FN        FP        TN        PR        RE        F1    Total
    SS        0.216510  0.035883  0.035826  0.711780  0.858022  0.857828  0.857925  1101010
    TAILSLAP  0.002687  0.002862  0.000807  0.993645  0.769104  0.484221  0.594286   696762
    BUZZ      0.021585  0.014974  0.006717  0.956724  0.762665  0.590421  0.665580   557980
    HERDING   0.010558  0.005562  0.002028  0.981852  0.838902  0.654963  0.735609   439944
    PHS       0.000394  0.004831  0.000579  0.994196  0.405109  0.075408  0.127148   281704
    BR        0.076322  0.009146  0.004625  0.909907  0.942867  0.892991  0.917252   106168
    WHISTLE   0.003230  0.012996  0.002556  0.981219  0.558271  0.199062  0.293478    91954
🐳 Misclassification tables on dataset: [0:05:26, 𝚫 0:03:42]
    
true_pred
                       pred_BR  pred_BUZZ  pred_HERDING  pred_PHS  pred_SS  pred_TAILSLAP  pred_WHISTLE  pred_NOLABEL  fraction_time
        true_BR          0.893      0.000         0.000     0.000    0.000          0.000         0.000         0.107        0.00824
        true_BUZZ        0.000      0.582         0.000     0.000    0.018          0.005         0.000         0.395        0.01663
        true_HERDING     0.000      0.004         0.665     0.000    0.046          0.000         0.003         0.281        0.00626
        true_PHS         0.000      0.044         0.000     0.087    0.000          0.001         0.000         0.868        0.00116
        true_SS          0.001      0.011         0.013     0.000    0.842          0.000         0.006         0.127        0.25041
        true_TAILSLAP    0.000      0.174         0.001     0.000    0.018          0.394         0.000         0.414        0.00310
        true_WHISTLE     0.000      0.016         0.000     0.000    0.120          0.000         0.295         0.569        0.00090
        true_NOLABEL     0.011      0.025         0.006     0.003    0.047          0.001         0.021         0.886        0.71331
    
pred_true
                       true_BR  true_BUZZ  true_HERDING  true_PHS  true_SS  true_TAILSLAP  true_WHISTLE  true_NOLABEL  fraction_time
        pred_BR          0.943      0.000         0.000     0.000    0.000          0.000         0.000         0.057        0.00826
        pred_BUZZ        0.000      0.742         0.002     0.008    0.036          0.013         0.000         0.199        0.01414
        pred_HERDING     0.000      0.001         0.848     0.000    0.008          0.000         0.000         0.143        0.00514
        pred_PHS         0.000      0.000         0.000     0.405    0.000          0.000         0.000         0.595        0.00026
        pred_SS          0.000      0.002         0.001     0.000    0.862          0.000         0.001         0.133        0.25436
        pred_TAILSLAP    0.000      0.037         0.000     0.001    0.003          0.755         0.000         0.205        0.00149
        pred_WHISTLE     0.000      0.000         0.000     0.000    0.094          0.000         0.722         0.185        0.00038
        pred_NOLABEL     0.001      0.010         0.003     0.002    0.047          0.002         0.001         0.935        0.71597
🐳 Saving test results [0:05:26, 𝚫 0:00:00]
    Saved test results to /cluster/home/angstd/orcAI/orcai-v1_3/test
🐳 Testing model on test_unfiltered_dataset [0:05:27, 𝚫 0:00:00]
    Evaluating model on test_unfiltered_dataset
    {
        "MBA": 0.9821817874908447,
        "loss": 0.061356060206890106
    }
🐳 Calculating confusion table for test_unfiltered_dataset [0:15:09, 𝚫 0:09:42]
                    TP        FN        FP        TN        PR        RE        F1     Total
    SS        0.027318  0.004525  0.029185  0.938972  0.483479  0.857886  0.618429  10834886
    TAILSLAP  0.000520  0.000538  0.000595  0.998347  0.466707  0.491703  0.478879   4498478
    HERDING   0.001878  0.000913  0.004482  0.992727  0.295327  0.673037  0.410519   3112130
    BUZZ      0.004865  0.003407  0.006299  0.985430  0.435763  0.588133  0.500611   2991196
    PHS       0.000101  0.001280  0.000921  0.997698  0.099119  0.073330  0.084296   1332758
    BR        0.018429  0.002182  0.002462  0.976927  0.882160  0.894149  0.888114    539028
    WHISTLE   0.000763  0.003127  0.001847  0.994262  0.292416  0.196222  0.234851    489900
🐳 Misclassification tables on dataset: [0:43:58, 𝚫 0:28:49]
    
true_pred
                       pred_BR  pred_BUZZ  pred_HERDING  pred_PHS  pred_SS  pred_TAILSLAP  pred_WHISTLE  pred_NOLABEL  fraction_time
        true_BR          0.894      0.000         0.000     0.000    0.000          0.000         0.000         0.106        0.00101
        true_BUZZ        0.000      0.579         0.000     0.000    0.017          0.005         0.000         0.398        0.00201
        true_HERDING     0.000      0.004         0.683     0.000    0.042          0.000         0.003         0.269        0.00077
        true_PHS         0.000      0.047         0.000     0.084    0.000          0.001         0.000         0.869        0.00015
        true_SS          0.001      0.011         0.014     0.000    0.841          0.000         0.006         0.127        0.03103
        true_TAILSLAP    0.000      0.173         0.001     0.000    0.017          0.397         0.000         0.412        0.00038
        true_WHISTLE     0.000      0.018         0.000     0.000    0.112          0.000         0.289         0.581        0.00012
        true_NOLABEL     0.012      0.038         0.008     0.008    0.028          0.001         0.022         0.883        0.96455
    
pred_true
                       true_BR  true_BUZZ  true_HERDING  true_PHS  true_SS  true_TAILSLAP  true_WHISTLE  true_NOLABEL  fraction_time
        pred_BR          0.882      0.000         0.000     0.000    0.000          0.000         0.000         0.118        0.00112
        pred_BUZZ        0.000      0.412         0.001     0.005    0.019          0.007         0.000         0.556        0.00317
        pred_HERDING     0.000      0.000         0.295     0.000    0.003          0.000         0.000         0.702        0.00192
        pred_PHS         0.000      0.000         0.000     0.099    0.000          0.000         0.000         0.901        0.00013
        pred_SS          0.000      0.001         0.001     0.000    0.515          0.000         0.001         0.483        0.05460
        pred_TAILSLAP    0.000      0.019         0.000     0.000    0.002          0.377         0.000         0.602        0.00038
        pred_WHISTLE     0.000      0.000         0.000     0.000    0.033          0.000         0.322         0.645        0.00011
        pred_NOLABEL     0.000      0.001         0.000     0.000    0.005          0.000         0.000         0.994        0.93856
🐳 Saving test results [0:43:58, 𝚫 0:00:00]
    Saved test results to /cluster/home/angstd/orcAI/orcai-v1_3/test
🐳 Model testing completed. [0:43:58, 𝚫 0:00:00]
