Many modules are hidden in this stack. Use "module --show_hidden spider SOFTWARE" if you are not able to find the required software

running rsync -avz /nfs/nas22/fs2201/usys_ibz_tb_data/TB-data/Daniel_Angst/orcAI/orcai_tvt_data_3750.zip /scratch/tmp.35563946.angstd

sending incremental file list
orcai_tvt_data_3750.zip

sent 56,723,774,794 bytes  received 35 bytes  150,261,655.18 bytes/sec
total size is 56,710,939,801  speedup is 1.00

running unzip /scratch/tmp.35563946.angstd/orcai_tvt_data_3750.zip -d /scratch/tmp.35563946.angstd

Archive:  /scratch/tmp.35563946.angstd/orcai_tvt_data_3750.zip
  inflating: /scratch/tmp.35563946.angstd/val.csv.gz  
  inflating: /scratch/tmp.35563946.angstd/test.csv.gz  
  inflating: /scratch/tmp.35563946.angstd/.DS_Store  
  inflating: /scratch/tmp.35563946.angstd/call_weights.json  
  inflating: /scratch/tmp.35563946.angstd/all_snippet_stats_duration.csv  
  inflating: /scratch/tmp.35563946.angstd/selected_snippet_stats_duration.csv  
   creating: /scratch/tmp.35563946.angstd/val_dataset/
 extracting: /scratch/tmp.35563946.angstd/val_dataset/snapshot.metadata  
  inflating: /scratch/tmp.35563946.angstd/val_dataset/dataset_spec.pb  
   creating: /scratch/tmp.35563946.angstd/val_dataset/16813939042619312513/
   creating: /scratch/tmp.35563946.angstd/val_dataset/16813939042619312513/00000000.shard/
  inflating: /scratch/tmp.35563946.angstd/val_dataset/16813939042619312513/00000000.shard/00000000.snapshot  
   creating: /scratch/tmp.35563946.angstd/train_dataset/
 extracting: /scratch/tmp.35563946.angstd/train_dataset/snapshot.metadata  
  inflating: /scratch/tmp.35563946.angstd/train_dataset/dataset_spec.pb  
   creating: /scratch/tmp.35563946.angstd/train_dataset/15588248514209919321/
   creating: /scratch/tmp.35563946.angstd/train_dataset/15588248514209919321/00000000.shard/
  inflating: /scratch/tmp.35563946.angstd/train_dataset/15588248514209919321/00000000.shard/00000000.snapshot  
   creating: /scratch/tmp.35563946.angstd/test_dataset/
   creating: /scratch/tmp.35563946.angstd/test_dataset/7262952248879318786/
   creating: /scratch/tmp.35563946.angstd/test_dataset/7262952248879318786/00000000.shard/
  inflating: /scratch/tmp.35563946.angstd/test_dataset/7262952248879318786/00000000.shard/00000000.snapshot  
 extracting: /scratch/tmp.35563946.angstd/test_dataset/snapshot.metadata  
  inflating: /scratch/tmp.35563946.angstd/test_dataset/dataset_spec.pb  
  inflating: /scratch/tmp.35563946.angstd/all_snippets.csv.gz  
  inflating: /scratch/tmp.35563946.angstd/dataset_shapes.json  
  inflating: /scratch/tmp.35563946.angstd/failed_snippets.csv  
  inflating: /scratch/tmp.35563946.angstd/train.csv.gz  
  inflating: /scratch/tmp.35563946.angstd/test_unfiltered.csv.gz  
   creating: /scratch/tmp.35563946.angstd/test_unfiltered_dataset/
   creating: /scratch/tmp.35563946.angstd/test_unfiltered_dataset/6429129690425798812/
   creating: /scratch/tmp.35563946.angstd/test_unfiltered_dataset/6429129690425798812/00000000.shard/
  inflating: /scratch/tmp.35563946.angstd/test_unfiltered_dataset/6429129690425798812/00000000.shard/00000000.snapshot  
 extracting: /scratch/tmp.35563946.angstd/test_unfiltered_dataset/snapshot.metadata  
  inflating: /scratch/tmp.35563946.angstd/test_unfiltered_dataset/dataset_spec.pb  

running orcai train /scratch/tmp.35563946.angstd /cluster/home/angstd/orcAI/20250627_orcai -p /cluster/home/angstd/orcAI/20250627_orcai/orcai_parameter_1DC_init_1.json

orcai, version 1.0.4
🐳 Training model
orcAI 1.0.4 [started @ 2025-06-27 12:04:08]
WARNING: All log messages before absl::InitializeLog() is called are written to STDERR
E0000 00:00:1751018649.280527 2425418 cuda_dnn.cc:8579] Unable to register cuDNN factory: Attempting to register factory for plugin cuDNN when one has already been registered
E0000 00:00:1751018649.287621 2425418 cuda_blas.cc:1407] Unable to register cuBLAS factory: Attempting to register factory for plugin cuBLAS when one has already been registered
W0000 00:00:1751018649.311301 2425418 computation_placer.cc:177] computation placer already registered. Please check linkage and avoid linking the same target more than once.
W0000 00:00:1751018649.311350 2425418 computation_placer.cc:177] computation placer already registered. Please check linkage and avoid linking the same target more than once.
W0000 00:00:1751018649.311355 2425418 computation_placer.cc:177] computation placer already registered. Please check linkage and avoid linking the same target more than once.
W0000 00:00:1751018649.311359 2425418 computation_placer.cc:177] computation placer already registered. Please check linkage and avoid linking the same target more than once.
    Platform: Linux-5.15.0-141-generic-x86_64-with-glibc2.35
    Python version: 3.11.6 (main, Jun 20 2024, 16:12:48) [GCC 12.2.0]
    Tensorflow version: 2.19.0
    Keras version: 3.10.0
    CUDA version: 12.5.1
    cuDNN version: 9
    Available TensorFlow devices: /GPU:0: Quadro RTX 6000
🐳 Loading parameter [0:00:26]
    Output directory: /cluster/home/angstd/orcAI/20250627_orcai
    Data directory: /scratch/tmp.35563946.angstd
🐳 Loading training and validation datasets from /scratch/tmp.35563946.angstd [0:00:26, 𝚫 0:00:00]
    Loading dataset shapes from JSON file
I0000 00:00:1751018675.040579 2425418 gpu_device.cc:2019] Created device /job:localhost/replica:0/task:0/device:GPU:0 with 22806 MB memory:  -> device: 0, name: Quadro RTX 6000, pci bus id: 0000:c2:00.0, compute capability: 7.5
    Batch size 64
🐳 Building model [0:00:29, 𝚫 0:00:03]
🐳 Building model architecture [0:00:31, 𝚫 0:00:02]
    model name:          orcai-v1-3750-1DC_1
    model architecture:  ResNet1DConv
    model input shape:   (None, 736, 171, 1)
    model output shape:  (None, 46, 7)
    actual input_shape:  (736, 171, 1)
    actual output_shape: (46, 7)
    n_filters:           4
    num_labels:          7
🐳 Compiling model: orcai-v1-3750-1DC_1 [0:00:31, 𝚫 0:00:00]
    Model size:
        Total parameter: 24999
        Trainable parameter: 24495
        Non-trainable parameter: 504
        memory usage: 1.66 GB
🐳 Fitting model: orcai-v1-3750-1DC_1 [0:00:31, 𝚫 0:00:00]
    Monitoring val_MBA
0epoch [00:00, ?epoch/s]  0%|          | 0/30 [00:00<?, ?epoch/s]WARNING: All log messages before absl::InitializeLog() is called are written to STDERR
I0000 00:00:1751018687.772351 2425452 service.cc:152] XLA service 0x151708143e40 initialized for platform CUDA (this does not guarantee that XLA will be used). Devices:
I0000 00:00:1751018687.772396 2425452 service.cc:160]   StreamExecutor device (0): Quadro RTX 6000, Compute Capability 7.5
I0000 00:00:1751018689.723044 2425452 cuda_dnn.cc:529] Loaded cuDNN version 90300
I0000 00:00:1751018718.591753 2425452 device_compiler.h:188] Compiled cluster using XLA!  This line is logged at most once for the lifetime of the process.
  3%|▎         | 1/30 [12:59<6:16:31, 779.01s/epoch, MBA=0.937, loss=0.175, val_MBA=0.909, val_loss=0.25, learning_rate=0.0001]  7%|▋         | 2/30 [26:16<6:08:38, 789.94s/epoch, MBA=0.947, loss=0.141, val_MBA=0.929, val_loss=0.184, learning_rate=0.0001] 10%|█         | 3/30 [39:06<5:51:26, 780.97s/epoch, MBA=0.95, loss=0.133, val_MBA=0.938, val_loss=0.162, learning_rate=0.0001]  13%|█▎        | 4/30 [51:28<5:31:38, 765.31s/epoch, MBA=0.951, loss=0.128, val_MBA=0.925, val_loss=0.195, learning_rate=0.0001] 17%|█▋        | 5/30 [1:03:49<5:15:16, 756.65s/epoch, MBA=0.952, loss=0.125, val_MBA=0.928, val_loss=0.185, learning_rate=5e-5] 20%|██        | 6/30 [1:16:11<5:00:40, 751.70s/epoch, MBA=0.953, loss=0.124, val_MBA=0.936, val_loss=0.166, learning_rate=5e-5] 23%|██▎       | 7/30 [1:28:58<4:50:03, 756.69s/epoch, MBA=0.953, loss=0.123, val_MBA=0.938, val_loss=0.16, learning_rate=5e-5]  27%|██▋       | 8/30 [1:42:20<4:42:44, 771.13s/epoch, MBA=0.953, loss=0.122, val_MBA=0.933, val_loss=0.175, learning_rate=2.5e-5] 30%|███       | 9/30 [1:55:42<4:33:13, 780.66s/epoch, MBA=0.953, loss=0.121, val_MBA=0.933, val_loss=0.175, learning_rate=2.5e-5] 33%|███▎      | 10/30 [2:08:30<4:18:54, 776.73s/epoch, MBA=0.954, loss=0.121, val_MBA=0.933, val_loss=0.175, learning_rate=2.5e-5] 37%|███▋      | 11/30 [2:20:43<4:01:46, 763.53s/epoch, MBA=0.954, loss=0.12, val_MBA=0.933, val_loss=0.174, learning_rate=1.25e-5] 40%|████      | 12/30 [2:33:30<3:49:22, 764.61s/epoch, MBA=0.954, loss=0.12, val_MBA=0.933, val_loss=0.176, learning_rate=1.25e-5] 43%|████▎     | 13/30 [2:46:18<3:36:54, 765.57s/epoch, MBA=0.954, loss=0.12, val_MBA=0.934, val_loss=0.174, learning_rate=1.25e-5] 47%|████▋     | 14/30 [2:58:31<3:21:33, 755.82s/epoch, MBA=0.954, loss=0.12, val_MBA=0.935, val_loss=0.169, learning_rate=6.25e-6] 50%|█████     | 15/30 [3:11:18<3:09:47, 759.17s/epoch, MBA=0.954, loss=0.12, val_MBA=0.933, val_loss=0.174, learning_rate=6.25e-6] 53%|█████▎    | 16/30 [3:24:40<3:00:07, 771.97s/epoch, MBA=0.954, loss=0.119, val_MBA=0.934, val_loss=0.173, learning_rate=6.25e-6] 57%|█████▋    | 17/30 [3:38:02<2:49:13, 781.07s/epoch, MBA=0.954, loss=0.119, val_MBA=0.934, val_loss=0.173, learning_rate=3.12e-6] 57%|█████▋    | 17/30 [3:38:02<2:46:44, 769.57s/epoch, MBA=0.954, loss=0.119, val_MBA=0.934, val_loss=0.173, learning_rate=3.12e-6]
🐳 Saving Model [3:39:09, 𝚫 3:38:38]
🐳 Training model finished. Model saved to orcai-v1-3750-1DC_1.keras [3:39:09, 𝚫 0:00:00]

running orcai test /cluster/home/angstd/orcAI/20250627_orcai/orcai-v1-3750-1DC_1 /scratch/tmp.35563946.angstd

🐳 Testing model orcai-v1-3750-1DC_1
orcAI 1.0.4 [started @ 2025-06-27 15:43:22]
WARNING: All log messages before absl::InitializeLog() is called are written to STDERR
E0000 00:00:1751031803.816228 2452451 cuda_dnn.cc:8579] Unable to register cuDNN factory: Attempting to register factory for plugin cuDNN when one has already been registered
E0000 00:00:1751031803.821617 2452451 cuda_blas.cc:1407] Unable to register cuBLAS factory: Attempting to register factory for plugin cuBLAS when one has already been registered
W0000 00:00:1751031803.838046 2452451 computation_placer.cc:177] computation placer already registered. Please check linkage and avoid linking the same target more than once.
W0000 00:00:1751031803.838085 2452451 computation_placer.cc:177] computation placer already registered. Please check linkage and avoid linking the same target more than once.
W0000 00:00:1751031803.838089 2452451 computation_placer.cc:177] computation placer already registered. Please check linkage and avoid linking the same target more than once.
W0000 00:00:1751031803.838093 2452451 computation_placer.cc:177] computation placer already registered. Please check linkage and avoid linking the same target more than once.
🐳 Loading model [0:00:26]
    Model directory: /cluster/home/angstd/orcAI/20250627_orcai/orcai-v1-3750-1DC_1
    Model data directory: /scratch/tmp.35563946.angstd
I0000 00:00:1751031829.384944 2452451 gpu_device.cc:2019] Created device /job:localhost/replica:0/task:0/device:GPU:0 with 22806 MB memory:  -> device: 0, name: Quadro RTX 6000, pci bus id: 0000:c2:00.0, compute capability: 7.5
Traceback (most recent call last):
  File "/cluster/home/angstd/orcAI/venv/lib/python3.11/site-packages/keras/src/saving/serialization_lib.py", line 718, in deserialize_keras_object
    instance = cls.from_config(inner_config)
               ^^^^^^^^^^^^^^^^^^^^^^^^^^^^^
  File "/cluster/home/angstd/orcAI/venv/lib/python3.11/site-packages/keras/src/models/model.py", line 651, in from_config
    return functional_from_config(
           ^^^^^^^^^^^^^^^^^^^^^^^
  File "/cluster/home/angstd/orcAI/venv/lib/python3.11/site-packages/keras/src/models/functional.py", line 560, in functional_from_config
    process_layer(layer_data)
  File "/cluster/home/angstd/orcAI/venv/lib/python3.11/site-packages/keras/src/models/functional.py", line 527, in process_layer
    layer = serialization_lib.deserialize_keras_object(
            ^^^^^^^^^^^^^^^^^^^^^^^^^^^^^^^^^^^^^^^^^^^
  File "/cluster/home/angstd/orcAI/venv/lib/python3.11/site-packages/keras/src/saving/serialization_lib.py", line 694, in deserialize_keras_object
    cls = _retrieve_class_or_fn(
          ^^^^^^^^^^^^^^^^^^^^^^
  File "/cluster/home/angstd/orcAI/venv/lib/python3.11/site-packages/keras/src/saving/serialization_lib.py", line 810, in _retrieve_class_or_fn
    raise TypeError(
TypeError: Could not locate class 'ReduceFrequencyMean'. Make sure custom classes are decorated with `@keras.saving.register_keras_serializable()`. Full object config: {'module': 'orcAI.architectures', 'class_name': 'ReduceFrequencyMean', 'config': {'name': 'reduce_frequency_mean', 'trainable': True, 'dtype': {'module': 'keras', 'class_name': 'DTypePolicy', 'config': {'name': 'float32'}, 'registered_name': None, 'shared_object_id': 23190924225296}}, 'registered_name': 'ReduceFrequencyMean', 'build_config': {'input_shape': [None, 46, 11, 36]}, 'name': 'reduce_frequency_mean', 'inbound_nodes': [{'args': [{'class_name': '__keras_tensor__', 'config': {'shape': [None, 46, 11, 36], 'dtype': 'float32', 'keras_history': ['dropout_4', 0, 0]}}], 'kwargs': {}}]}

During handling of the above exception, another exception occurred:

Traceback (most recent call last):
  File "/cluster/home/angstd/orcAI/venv/bin/orcai", line 8, in <module>
    sys.exit(cli())
             ^^^^^
  File "/cluster/home/angstd/orcAI/venv/lib/python3.11/site-packages/rich_click/rich_command.py", line 404, in __call__
    return super().__call__(*args, **kwargs)
           ^^^^^^^^^^^^^^^^^^^^^^^^^^^^^^^^^
  File "/cluster/home/angstd/orcAI/venv/lib/python3.11/site-packages/click/core.py", line 1442, in __call__
    return self.main(*args, **kwargs)
           ^^^^^^^^^^^^^^^^^^^^^^^^^^
  File "/cluster/home/angstd/orcAI/venv/lib/python3.11/site-packages/rich_click/rich_command.py", line 187, in main
    rv = self.invoke(ctx)
         ^^^^^^^^^^^^^^^^
  File "/cluster/home/angstd/orcAI/venv/lib/python3.11/site-packages/click/core.py", line 1830, in invoke
    return _process_result(sub_ctx.command.invoke(sub_ctx))
                           ^^^^^^^^^^^^^^^^^^^^^^^^^^^^^^^
  File "/cluster/home/angstd/orcAI/venv/lib/python3.11/site-packages/click/core.py", line 1226, in invoke
    return ctx.invoke(self.callback, **ctx.params)
           ^^^^^^^^^^^^^^^^^^^^^^^^^^^^^^^^^^^^^^^
  File "/cluster/home/angstd/orcAI/venv/lib/python3.11/site-packages/click/core.py", line 794, in invoke
    return callback(*args, **kwargs)
           ^^^^^^^^^^^^^^^^^^^^^^^^^
  File "/cluster/home/angstd/orcAI/venv/lib/python3.11/site-packages/orcAI/cli.py", line 729, in cli_test
    test_model(**kwargs)
  File "/cluster/home/angstd/orcAI/venv/lib/python3.11/site-packages/orcAI/test.py", line 365, in test_model
    model, orcai_parameter, _ = load_orcai_model(model_dir)
                                ^^^^^^^^^^^^^^^^^^^^^^^^^^^
  File "/cluster/home/angstd/orcAI/venv/lib/python3.11/site-packages/orcAI/io.py", line 390, in load_orcai_model
    model = keras.saving.load_model(
            ^^^^^^^^^^^^^^^^^^^^^^^^
  File "/cluster/home/angstd/orcAI/venv/lib/python3.11/site-packages/keras/src/saving/saving_api.py", line 189, in load_model
    return saving_lib.load_model(
           ^^^^^^^^^^^^^^^^^^^^^^
  File "/cluster/home/angstd/orcAI/venv/lib/python3.11/site-packages/keras/src/saving/saving_lib.py", line 370, in load_model
    return _load_model_from_fileobj(
           ^^^^^^^^^^^^^^^^^^^^^^^^^
  File "/cluster/home/angstd/orcAI/venv/lib/python3.11/site-packages/keras/src/saving/saving_lib.py", line 447, in _load_model_from_fileobj
    model = _model_from_config(
            ^^^^^^^^^^^^^^^^^^^
  File "/cluster/home/angstd/orcAI/venv/lib/python3.11/site-packages/keras/src/saving/saving_lib.py", line 436, in _model_from_config
    model = deserialize_keras_object(
            ^^^^^^^^^^^^^^^^^^^^^^^^^
  File "/cluster/home/angstd/orcAI/venv/lib/python3.11/site-packages/keras/src/saving/serialization_lib.py", line 720, in deserialize_keras_object
    raise TypeError(
TypeError: <class 'keras.src.models.functional.Functional'> could not be deserialized properly. Please ensure that components that are Python object instances (layers, models, etc.) returned by `get_config()` are explicitly deserialized in the model's `from_config()` method.

config={'module': 'keras.src.models.functional', 'class_name': 'Functional', 'config': {}, 'registered_name': 'Functional', 'build_config': {'input_shape': None}, 'compile_config': {'optimizer': {'module': 'keras.optimizers', 'class_name': 'Adam', 'config': {'name': 'adam', 'learning_rate': 3.12499992105586e-06, 'weight_decay': None, 'clipnorm': None, 'global_clipnorm': None, 'clipvalue': None, 'use_ema': False, 'ema_momentum': 0.99, 'ema_overwrite_frequency': None, 'loss_scale_factor': None, 'gradient_accumulation_steps': None, 'beta_1': 0.9, 'beta_2': 0.999, 'epsilon': 1e-07, 'amsgrad': False}, 'registered_name': None}, 'loss': {'module': 'orcAI.architectures', 'class_name': 'MaskedBinaryCrossentropy', 'config': {'name': 'MBCE', 'reduction': 'sum_over_batch_size'}, 'registered_name': 'Custom>MaskedBinaryCrossentropy'}, 'loss_weights': None, 'metrics': [{'module': 'orcAI.architectures', 'class_name': 'MaskedBinaryAccuracy', 'config': {'name': 'MBA', 'dtype': 'float32', 'threshold': 0.5}, 'registered_name': 'Custom>MaskedBinaryAccuracy'}], 'weighted_metrics': None, 'run_eagerly': False, 'steps_per_execution': 1, 'jit_compile': True}}.

Exception encountered: Could not locate class 'ReduceFrequencyMean'. Make sure custom classes are decorated with `@keras.saving.register_keras_serializable()`. Full object config: {'module': 'orcAI.architectures', 'class_name': 'ReduceFrequencyMean', 'config': {'name': 'reduce_frequency_mean', 'trainable': True, 'dtype': {'module': 'keras', 'class_name': 'DTypePolicy', 'config': {'name': 'float32'}, 'registered_name': None, 'shared_object_id': 23190924225296}}, 'registered_name': 'ReduceFrequencyMean', 'build_config': {'input_shape': [None, 46, 11, 36]}, 'name': 'reduce_frequency_mean', 'inbound_nodes': [{'args': [{'class_name': '__keras_tensor__', 'config': {'shape': [None, 46, 11, 36], 'dtype': 'float32', 'keras_history': ['dropout_4', 0, 0]}}], 'kwargs': {}}]}
